// Vitest Snapshot v1, https://vitest.dev/guide/snapshot.html

exports[`browser evaluate > evaluates function with inner function on new document 1`] = `"The meaning of life is 42"`;

exports[`browser evaluates > evaluates function with inner function on new document 1`] = `"The meaning of life is 42"`;
