// Vitest Snapshot v1, https://vitest.dev/guide/snapshot.html

exports[`browser takes screenshot > take sceenshot of example.com 1`] = `
ReadableStream {
  Symbol(kType): "ReadableStream",
  Symbol(kState): {
    "controller": ReadableByteStreamController {
      Symbol(kType): "ReadableByteStreamController",
      Symbol(kState): {
        "autoAllocateChunkSize": undefined,
        "byobRequest": null,
        "cancelAlgorithm": [Function],
        "closeRequested": false,
        "highWaterMark": 0,
        "pendingPullIntos": [],
        "pullAgain": false,
        "pullAlgorithm": [Function],
        "pulling": false,
        "queue": [],
        "queueTotalSize": 0,
        "started": true,
        "stream": [Circular],
      },
    },
    "disturbed": false,
    "reader": undefined,
    "state": "readable",
    "storedError": undefined,
    "transfer": {
      "port1": undefined,
      "port2": undefined,
      "promise": undefined,
      "writable": undefined,
    },
  },
  Symbol(nodejs.webstream.isClosedPromise): {
    "promise": Promise {},
    "reject": [Function],
    "resolve": [Function],
  },
  Symbol(nodejs.webstream.controllerErrorFunction): [Function],
}
`;
